// Vitest Snapshot v1, https://vitest.dev/guide/snapshot.html

exports[`buildTailwindV4 / snapshots > non-semantic hex 1`] = `
"/* Light mode */
@theme {
  --color-accent-1: #0c111c;
  --color-accent-2: #111725;
  --color-accent-3: #172448;
  --color-accent-4: #1d2e61;
  --color-accent-5: #253974;
  --color-accent-6: #2e4484;
  --color-accent-7: #375097;
  --color-accent-8: #415eb1;
  --color-accent-9: #3e63dd;
  --color-accent-10: #3f5cb0;
  --color-accent-11: #93b4ff;
  --color-accent-12: #d5e2ff;
  --color-accent-a1: #0012fb0c;
  --color-accent-a2: #1156f916;
  --color-accent-a3: #2b64ff3b;
  --color-accent-a4: #3567ff56;
  --color-accent-a5: #4171fd6b;
  --color-accent-a6: #4d7afd7c;
  --color-accent-a7: #5581ff90;
  --color-accent-a8: #5883feac;
  --color-accent-a9: #4671ffdb;
  --color-accent-a10: #5580feab;
  --color-accent-a11: #93b4ff;
  --color-accent-a12: #d5e2ff;
  --color-accent-p3-1: oklch(17.8% 0.0247 267);
  --color-accent-p3-2: oklch(20.7% 0.0302 267);
  --color-accent-p3-3: oklch(27.1% 0.0693 267);
  --color-accent-p3-4: oklch(31.8% 0.0931 267);
  --color-accent-p3-5: oklch(36.1% 0.1044 267);
  --color-accent-p3-6: oklch(40.4% 0.1105 267);
  --color-accent-p3-7: oklch(45% 0.1201 267);
  --color-accent-p3-8: oklch(50.3% 0.1371 267);
  --color-accent-p3-9: oklch(54.4% 0.191 267);
  --color-accent-p3-10: oklch(49.7% 0.1371 267);
  --color-accent-p3-11: oklch(77.7% 0.1232 267);
  --color-accent-p3-12: oklch(91.1% 0.0428 267);
  --color-accent-contrast: #ffffff;
  --color-accent-surface: #111d3980;
  --color-gray-1: #111111;
  --color-gray-2: #191919;
  --color-gray-3: #222222;
  --color-gray-4: #2a2a2a;
  --color-gray-5: #313131;
  --color-gray-6: #3a3a3a;
  --color-gray-7: #484848;
  --color-gray-8: #606060;
  --color-gray-9: #6e6e6e;
  --color-gray-10: #7c7c7c;
  --color-gray-11: #b4b4b4;
  --color-gray-12: #eeeeee;
  --color-gray-a1: #00000000;
  --color-gray-a2: #ffffff09;
  --color-gray-a3: #ffffff12;
  --color-gray-a4: #ffffff1b;
  --color-gray-a5: #ffffff22;
  --color-gray-a6: #ffffff2c;
  --color-gray-a7: #ffffff3b;
  --color-gray-a8: #ffffff55;
  --color-gray-a9: #ffffff64;
  --color-gray-a10: #ffffff73;
  --color-gray-a11: #ffffffaf;
  --color-gray-a12: #ffffffed;
  --color-background: #111111;
}"
`;

exports[`buildTailwindV4 / snapshots > non-semantic rgb raw 1`] = `
"/* Light mode */
@theme {
  --color-accent-1: rgb(12 17 28);
  --color-accent-2: rgb(17 23 37);
  --color-accent-3: rgb(23 36 72);
  --color-accent-4: rgb(29 46 97);
  --color-accent-5: rgb(37 57 116);
  --color-accent-6: rgb(46 68 132);
  --color-accent-7: rgb(55 80 151);
  --color-accent-8: rgb(65 94 177);
  --color-accent-9: rgb(62 99 221);
  --color-accent-10: rgb(63 92 176);
  --color-accent-11: rgb(147 180 255);
  --color-accent-12: rgb(213 226 255);
  --color-accent-a1: rgb(0 18 251 / 0.047);
  --color-accent-a2: rgb(17 86 249 / 0.086);
  --color-accent-a3: rgb(43 100 255 / 0.231);
  --color-accent-a4: rgb(53 103 255 / 0.337);
  --color-accent-a5: rgb(65 113 253 / 0.420);
  --color-accent-a6: rgb(77 122 253 / 0.486);
  --color-accent-a7: rgb(85 129 255 / 0.565);
  --color-accent-a8: rgb(88 131 254 / 0.675);
  --color-accent-a9: rgb(70 113 255 / 0.859);
  --color-accent-a10: rgb(85 128 254 / 0.671);
  --color-accent-a11: rgb(147 180 255);
  --color-accent-a12: rgb(213 226 255);
  --color-accent-p3-1: oklch(17.8% 0.0247 267);
  --color-accent-p3-2: oklch(20.7% 0.0302 267);
  --color-accent-p3-3: oklch(27.1% 0.0693 267);
  --color-accent-p3-4: oklch(31.8% 0.0931 267);
  --color-accent-p3-5: oklch(36.1% 0.1044 267);
  --color-accent-p3-6: oklch(40.4% 0.1105 267);
  --color-accent-p3-7: oklch(45% 0.1201 267);
  --color-accent-p3-8: oklch(50.3% 0.1371 267);
  --color-accent-p3-9: oklch(54.4% 0.191 267);
  --color-accent-p3-10: oklch(49.7% 0.1371 267);
  --color-accent-p3-11: oklch(77.7% 0.1232 267);
  --color-accent-p3-12: oklch(91.1% 0.0428 267);
  --color-accent-contrast: rgb(255 255 255);
  --color-accent-surface: rgb(17 29 57 / 0.502);
  --color-gray-1: rgb(17 17 17);
  --color-gray-2: rgb(25 25 25);
  --color-gray-3: rgb(34 34 34);
  --color-gray-4: rgb(42 42 42);
  --color-gray-5: rgb(49 49 49);
  --color-gray-6: rgb(58 58 58);
  --color-gray-7: rgb(72 72 72);
  --color-gray-8: rgb(96 96 96);
  --color-gray-9: rgb(110 110 110);
  --color-gray-10: rgb(124 124 124);
  --color-gray-11: rgb(180 180 180);
  --color-gray-12: rgb(238 238 238);
  --color-gray-a1: rgb(0 0 0 / 0.000);
  --color-gray-a2: rgb(255 255 255 / 0.035);
  --color-gray-a3: rgb(255 255 255 / 0.071);
  --color-gray-a4: rgb(255 255 255 / 0.106);
  --color-gray-a5: rgb(255 255 255 / 0.133);
  --color-gray-a6: rgb(255 255 255 / 0.173);
  --color-gray-a7: rgb(255 255 255 / 0.231);
  --color-gray-a8: rgb(255 255 255 / 0.333);
  --color-gray-a9: rgb(255 255 255 / 0.392);
  --color-gray-a10: rgb(255 255 255 / 0.451);
  --color-gray-a11: rgb(255 255 255 / 0.686);
  --color-gray-a12: rgb(255 255 255 / 0.929);
  --color-background: rgb(17 17 17);
}"
`;

exports[`buildTailwindV4 / snapshots > semantic hex 1`] = `
"/* Light mode */
@theme {
  --color-accent-bg: #0c111c;
  --color-accent-bg-subtle: #111725;
  --color-accent-bg-interactive: #172448;
  --color-accent-bg-hover: #1d2e61;
  --color-accent-bg-active: #253974;
  --color-accent-border-subtle: #2e4484;
  --color-accent-border: #375097;
  --color-accent-border-hover: #415eb1;
  --color-accent-solid: #3e63dd;
  --color-accent-solid-hover: #3f5cb0;
  --color-accent-text: #93b4ff;
  --color-accent-text-contrast: #d5e2ff;
  --color-accent-abg: #0012fb0c;
  --color-accent-abg-subtle: #1156f916;
  --color-accent-abg-interactive: #2b64ff3b;
  --color-accent-abg-hover: #3567ff56;
  --color-accent-abg-active: #4171fd6b;
  --color-accent-aborder-subtle: #4d7afd7c;
  --color-accent-aborder: #5581ff90;
  --color-accent-aborder-hover: #5883feac;
  --color-accent-asolid: #4671ffdb;
  --color-accent-asolid-hover: #5580feab;
  --color-accent-atext: #93b4ff;
  --color-accent-atext-contrast: #d5e2ff;
  --color-accent-p3-bg: oklch(17.8% 0.0247 267);
  --color-accent-p3-bg-subtle: oklch(20.7% 0.0302 267);
  --color-accent-p3-bg-interactive: oklch(27.1% 0.0693 267);
  --color-accent-p3-bg-hover: oklch(31.8% 0.0931 267);
  --color-accent-p3-bg-active: oklch(36.1% 0.1044 267);
  --color-accent-p3-border-subtle: oklch(40.4% 0.1105 267);
  --color-accent-p3-border: oklch(45% 0.1201 267);
  --color-accent-p3-border-hover: oklch(50.3% 0.1371 267);
  --color-accent-p3-solid: oklch(54.4% 0.191 267);
  --color-accent-p3-solid-hover: oklch(49.7% 0.1371 267);
  --color-accent-p3-text: oklch(77.7% 0.1232 267);
  --color-accent-p3-text-contrast: oklch(91.1% 0.0428 267);
  --color-accent-contrast: #ffffff;
  --color-accent-surface: #111d3980;
  --color-gray-bg: #111111;
  --color-gray-bg-subtle: #191919;
  --color-gray-bg-interactive: #222222;
  --color-gray-bg-hover: #2a2a2a;
  --color-gray-bg-active: #313131;
  --color-gray-border-subtle: #3a3a3a;
  --color-gray-border: #484848;
  --color-gray-border-hover: #606060;
  --color-gray-solid: #6e6e6e;
  --color-gray-solid-hover: #7c7c7c;
  --color-gray-text: #b4b4b4;
  --color-gray-text-contrast: #eeeeee;
  --color-gray-abg: #00000000;
  --color-gray-abg-subtle: #ffffff09;
  --color-gray-abg-interactive: #ffffff12;
  --color-gray-abg-hover: #ffffff1b;
  --color-gray-abg-active: #ffffff22;
  --color-gray-aborder-subtle: #ffffff2c;
  --color-gray-aborder: #ffffff3b;
  --color-gray-aborder-hover: #ffffff55;
  --color-gray-asolid: #ffffff64;
  --color-gray-asolid-hover: #ffffff73;
  --color-gray-atext: #ffffffaf;
  --color-gray-atext-contrast: #ffffffed;
  --color-background: #111111;
}"
`;

exports[`buildTailwindV4 / snapshots > semantic rgb raw 1`] = `
"/* Light mode */
@theme {
  --color-accent-bg: rgb(12 17 28);
  --color-accent-bg-subtle: rgb(17 23 37);
  --color-accent-bg-interactive: rgb(23 36 72);
  --color-accent-bg-hover: rgb(29 46 97);
  --color-accent-bg-active: rgb(37 57 116);
  --color-accent-border-subtle: rgb(46 68 132);
  --color-accent-border: rgb(55 80 151);
  --color-accent-border-hover: rgb(65 94 177);
  --color-accent-solid: rgb(62 99 221);
  --color-accent-solid-hover: rgb(63 92 176);
  --color-accent-text: rgb(147 180 255);
  --color-accent-text-contrast: rgb(213 226 255);
  --color-accent-abg: rgb(0 18 251 / 0.047);
  --color-accent-abg-subtle: rgb(17 86 249 / 0.086);
  --color-accent-abg-interactive: rgb(43 100 255 / 0.231);
  --color-accent-abg-hover: rgb(53 103 255 / 0.337);
  --color-accent-abg-active: rgb(65 113 253 / 0.420);
  --color-accent-aborder-subtle: rgb(77 122 253 / 0.486);
  --color-accent-aborder: rgb(85 129 255 / 0.565);
  --color-accent-aborder-hover: rgb(88 131 254 / 0.675);
  --color-accent-asolid: rgb(70 113 255 / 0.859);
  --color-accent-asolid-hover: rgb(85 128 254 / 0.671);
  --color-accent-atext: rgb(147 180 255);
  --color-accent-atext-contrast: rgb(213 226 255);
  --color-accent-p3-bg: oklch(17.8% 0.0247 267);
  --color-accent-p3-bg-subtle: oklch(20.7% 0.0302 267);
  --color-accent-p3-bg-interactive: oklch(27.1% 0.0693 267);
  --color-accent-p3-bg-hover: oklch(31.8% 0.0931 267);
  --color-accent-p3-bg-active: oklch(36.1% 0.1044 267);
  --color-accent-p3-border-subtle: oklch(40.4% 0.1105 267);
  --color-accent-p3-border: oklch(45% 0.1201 267);
  --color-accent-p3-border-hover: oklch(50.3% 0.1371 267);
  --color-accent-p3-solid: oklch(54.4% 0.191 267);
  --color-accent-p3-solid-hover: oklch(49.7% 0.1371 267);
  --color-accent-p3-text: oklch(77.7% 0.1232 267);
  --color-accent-p3-text-contrast: oklch(91.1% 0.0428 267);
  --color-accent-contrast: rgb(255 255 255);
  --color-accent-surface: rgb(17 29 57 / 0.502);
  --color-gray-bg: rgb(17 17 17);
  --color-gray-bg-subtle: rgb(25 25 25);
  --color-gray-bg-interactive: rgb(34 34 34);
  --color-gray-bg-hover: rgb(42 42 42);
  --color-gray-bg-active: rgb(49 49 49);
  --color-gray-border-subtle: rgb(58 58 58);
  --color-gray-border: rgb(72 72 72);
  --color-gray-border-hover: rgb(96 96 96);
  --color-gray-solid: rgb(110 110 110);
  --color-gray-solid-hover: rgb(124 124 124);
  --color-gray-text: rgb(180 180 180);
  --color-gray-text-contrast: rgb(238 238 238);
  --color-gray-abg: rgb(0 0 0 / 0.000);
  --color-gray-abg-subtle: rgb(255 255 255 / 0.035);
  --color-gray-abg-interactive: rgb(255 255 255 / 0.071);
  --color-gray-abg-hover: rgb(255 255 255 / 0.106);
  --color-gray-abg-active: rgb(255 255 255 / 0.133);
  --color-gray-aborder-subtle: rgb(255 255 255 / 0.173);
  --color-gray-aborder: rgb(255 255 255 / 0.231);
  --color-gray-aborder-hover: rgb(255 255 255 / 0.333);
  --color-gray-asolid: rgb(255 255 255 / 0.392);
  --color-gray-asolid-hover: rgb(255 255 255 / 0.451);
  --color-gray-atext: rgb(255 255 255 / 0.686);
  --color-gray-atext-contrast: rgb(255 255 255 / 0.929);
  --color-background: rgb(17 17 17);
}"
`;
