// Vitest Snapshot v1, https://vitest.dev/guide/snapshot.html

exports[`buildTs > matches snapshot for non-semantic hex 1`] = `
"// Light mode
export const mode = 'light';

export const accent = {
  '1': '#0c111c',
  '2': '#111725',
  '3': '#172448',
  '4': '#1d2e61',
  '5': '#253974',
  '6': '#2e4484',
  '7': '#375097',
  '8': '#415eb1',
  '9': '#3e63dd',
  '10': '#3f5cb0',
  '11': '#93b4ff',
  '12': '#d5e2ff',
};

export const accentAlpha = {
  'a1': '#0012fb0c',
  'a2': '#1156f916',
  'a3': '#2b64ff3b',
  'a4': '#3567ff56',
  'a5': '#4171fd6b',
  'a6': '#4d7afd7c',
  'a7': '#5581ff90',
  'a8': '#5883feac',
  'a9': '#4671ffdb',
  'a10': '#5580feab',
  'a11': '#93b4ff',
  'a12': '#d5e2ff',
};

export const accentP3 = {
  'p3-1': 'oklch(17.8% 0.0247 267)',
  'p3-2': 'oklch(20.7% 0.0302 267)',
  'p3-3': 'oklch(27.1% 0.0693 267)',
  'p3-4': 'oklch(31.8% 0.0931 267)',
  'p3-5': 'oklch(36.1% 0.1044 267)',
  'p3-6': 'oklch(40.4% 0.1105 267)',
  'p3-7': 'oklch(45% 0.1201 267)',
  'p3-8': 'oklch(50.3% 0.1371 267)',
  'p3-9': 'oklch(54.4% 0.191 267)',
  'p3-10': 'oklch(49.7% 0.1371 267)',
  'p3-11': 'oklch(77.7% 0.1232 267)',
  'p3-12': 'oklch(91.1% 0.0428 267)',
};

export const gray = {
  '1': '#111111',
  '2': '#191919',
  '3': '#222222',
  '4': '#2a2a2a',
  '5': '#313131',
  '6': '#3a3a3a',
  '7': '#484848',
  '8': '#606060',
  '9': '#6e6e6e',
  '10': '#7c7c7c',
  '11': '#b4b4b4',
  '12': '#eeeeee',
};

export const grayAlpha = {
  'a1': '#00000000',
  'a2': '#ffffff09',
  'a3': '#ffffff12',
  'a4': '#ffffff1b',
  'a5': '#ffffff22',
  'a6': '#ffffff2c',
  'a7': '#ffffff3b',
  'a8': '#ffffff55',
  'a9': '#ffffff64',
  'a10': '#ffffff73',
  'a11': '#ffffffaf',
  'a12': '#ffffffed',
};

export const accentContrast = '#ffffff';
export const accentSurface = '#111d3980';
export const background = '#111111';"
`;

exports[`buildTs > matches snapshot for semantic hex 1`] = `
"// Light mode
export const mode = 'light';

export const accent = {
  'bg': '#0c111c',
  'bg-subtle': '#111725',
  'bg-interactive': '#172448',
  'bg-hover': '#1d2e61',
  'bg-active': '#253974',
  'border-subtle': '#2e4484',
  'border': '#375097',
  'border-hover': '#415eb1',
  'solid': '#3e63dd',
  'solid-hover': '#3f5cb0',
  'text': '#93b4ff',
  'text-contrast': '#d5e2ff',
};

export const accentAlpha = {
  'abg': '#0012fb0c',
  'abg-subtle': '#1156f916',
  'abg-interactive': '#2b64ff3b',
  'abg-hover': '#3567ff56',
  'abg-active': '#4171fd6b',
  'aborder-subtle': '#4d7afd7c',
  'aborder': '#5581ff90',
  'aborder-hover': '#5883feac',
  'asolid': '#4671ffdb',
  'asolid-hover': '#5580feab',
  'atext': '#93b4ff',
  'atext-contrast': '#d5e2ff',
};

export const accentP3 = {
  'p3-bg': 'oklch(17.8% 0.0247 267)',
  'p3-bg-subtle': 'oklch(20.7% 0.0302 267)',
  'p3-bg-interactive': 'oklch(27.1% 0.0693 267)',
  'p3-bg-hover': 'oklch(31.8% 0.0931 267)',
  'p3-bg-active': 'oklch(36.1% 0.1044 267)',
  'p3-border-subtle': 'oklch(40.4% 0.1105 267)',
  'p3-border': 'oklch(45% 0.1201 267)',
  'p3-border-hover': 'oklch(50.3% 0.1371 267)',
  'p3-solid': 'oklch(54.4% 0.191 267)',
  'p3-solid-hover': 'oklch(49.7% 0.1371 267)',
  'p3-text': 'oklch(77.7% 0.1232 267)',
  'p3-text-contrast': 'oklch(91.1% 0.0428 267)',
};

export const gray = {
  'bg': '#111111',
  'bg-subtle': '#191919',
  'bg-interactive': '#222222',
  'bg-hover': '#2a2a2a',
  'bg-active': '#313131',
  'border-subtle': '#3a3a3a',
  'border': '#484848',
  'border-hover': '#606060',
  'solid': '#6e6e6e',
  'solid-hover': '#7c7c7c',
  'text': '#b4b4b4',
  'text-contrast': '#eeeeee',
};

export const grayAlpha = {
  'abg': '#00000000',
  'abg-subtle': '#ffffff09',
  'abg-interactive': '#ffffff12',
  'abg-hover': '#ffffff1b',
  'abg-active': '#ffffff22',
  'aborder-subtle': '#ffffff2c',
  'aborder': '#ffffff3b',
  'aborder-hover': '#ffffff55',
  'asolid': '#ffffff64',
  'asolid-hover': '#ffffff73',
  'atext': '#ffffffaf',
  'atext-contrast': '#ffffffed',
};

export const accentContrast = '#ffffff';
export const accentSurface = '#111d3980';
export const background = '#111111';"
`;
